// Vitest Snapshot v1

exports[`HotelOverviewTemplate > component snapshot 1`] = `
{
  "asFragment": [Function],
  "baseElement": <body>
    <div>
      <div
        class="sc-iAEawV eSwvqh"
      >
        <div
          class="sc-jcMfQk kxHmzN"
        >
          <h2
            class="sc-eDvSVe dcXtK"
          >
            Hotele
          </h2>
          <ul
            class="sc-cabOPr byBExJ"
          >
            <li
              data-testid="no-items-label"
            >
              <p
                class="sc-pyfCe kcVRAg"
              >
                Brak hoteli w systemie
              </p>
            </li>
          </ul>
          <div
            class="sc-iTFTee dlSrFH"
          >
            <button
              class="sc-jSUZER fQVznz"
            >
              <svg
                data-testid="arrow-icon"
                fill="none"
                viewBox="0 0 40 26"
                width="20"
                xmlns="http://www.w3.org/2000/svg"
              >
                <path
                  d="M0 13L39.75 0.00961876V25.9904L0 13Z"
                  fill="#013059"
                />
              </svg>
            </button>
            <p
              class="sc-pyfCe kcVRAg"
              data-testid="pagination-counter"
            >
              1
               / X
            </p>
            <button
              class="sc-jSUZER hjlqfP"
            >
              <svg
                data-testid="arrow-icon"
                fill="none"
                viewBox="0 0 40 26"
                width="20"
                xmlns="http://www.w3.org/2000/svg"
              >
                <path
                  d="M0 13L39.75 0.00961876V25.9904L0 13Z"
                  fill="#013059"
                />
              </svg>
            </button>
          </div>
          <button
            class="sc-hLBbgP kQYyQS"
          >
            Dodaj hotel
          </button>
        </div>
      </div>
    </div>
  </body>,
  "container": <div>
    <div
      class="sc-iAEawV eSwvqh"
    >
      <div
        class="sc-jcMfQk kxHmzN"
      >
        <h2
          class="sc-eDvSVe dcXtK"
        >
          Hotele
        </h2>
        <ul
          class="sc-cabOPr byBExJ"
        >
          <li
            data-testid="no-items-label"
          >
            <p
              class="sc-pyfCe kcVRAg"
            >
              Brak hoteli w systemie
            </p>
          </li>
        </ul>
        <div
          class="sc-iTFTee dlSrFH"
        >
          <button
            class="sc-jSUZER fQVznz"
          >
            <svg
              data-testid="arrow-icon"
              fill="none"
              viewBox="0 0 40 26"
              width="20"
              xmlns="http://www.w3.org/2000/svg"
            >
              <path
                d="M0 13L39.75 0.00961876V25.9904L0 13Z"
                fill="#013059"
              />
            </svg>
          </button>
          <p
            class="sc-pyfCe kcVRAg"
            data-testid="pagination-counter"
          >
            1
             / X
          </p>
          <button
            class="sc-jSUZER hjlqfP"
          >
            <svg
              data-testid="arrow-icon"
              fill="none"
              viewBox="0 0 40 26"
              width="20"
              xmlns="http://www.w3.org/2000/svg"
            >
              <path
                d="M0 13L39.75 0.00961876V25.9904L0 13Z"
                fill="#013059"
              />
            </svg>
          </button>
        </div>
        <button
          class="sc-hLBbgP kQYyQS"
        >
          Dodaj hotel
        </button>
      </div>
    </div>
  </div>,
  "debug": [Function],
  "findAllByAltText": [Function],
  "findAllByDisplayValue": [Function],
  "findAllByLabelText": [Function],
  "findAllByPlaceholderText": [Function],
  "findAllByRole": [Function],
  "findAllByTestId": [Function],
  "findAllByText": [Function],
  "findAllByTitle": [Function],
  "findByAltText": [Function],
  "findByDisplayValue": [Function],
  "findByLabelText": [Function],
  "findByPlaceholderText": [Function],
  "findByRole": [Function],
  "findByTestId": [Function],
  "findByText": [Function],
  "findByTitle": [Function],
  "getAllByAltText": [Function],
  "getAllByDisplayValue": [Function],
  "getAllByLabelText": [Function],
  "getAllByPlaceholderText": [Function],
  "getAllByRole": [Function],
  "getAllByTestId": [Function],
  "getAllByText": [Function],
  "getAllByTitle": [Function],
  "getByAltText": [Function],
  "getByDisplayValue": [Function],
  "getByLabelText": [Function],
  "getByPlaceholderText": [Function],
  "getByRole": [Function],
  "getByTestId": [Function],
  "getByText": [Function],
  "getByTitle": [Function],
  "queryAllByAltText": [Function],
  "queryAllByDisplayValue": [Function],
  "queryAllByLabelText": [Function],
  "queryAllByPlaceholderText": [Function],
  "queryAllByRole": [Function],
  "queryAllByTestId": [Function],
  "queryAllByText": [Function],
  "queryAllByTitle": [Function],
  "queryByAltText": [Function],
  "queryByDisplayValue": [Function],
  "queryByLabelText": [Function],
  "queryByPlaceholderText": [Function],
  "queryByRole": [Function],
  "queryByTestId": [Function],
  "queryByText": [Function],
  "queryByTitle": [Function],
  "rerender": [Function],
  "unmount": [Function],
}
`;
