// Vitest Snapshot v1

exports[`CreateTransport Template > component snapshot 1`] = `
{
  "asFragment": [Function],
  "baseElement": <body>
    <div>
      <div
        class="sc-cjibBx bSlRRw"
      >
        <form
          class="sc-ftTHYK jGKFAf"
        >
          <h2
            class="sc-dkrFOg kaKqDq"
          >
            Dodaj transport
          </h2>
          <div
            class="sc-bjfHbI kTUcsA"
          >
            <div
              class="sc-idXgbr enkruV"
            >
              <input
                class="sc-dIfARi cqofnP"
                data-testid="create-company-name"
                id="companyName"
                name="companyName"
                placeholder="Nazwa firmy transportowej"
              />
            </div>
          </div>
          <div
            class="sc-dmctIk iThEeJ"
          >
            <div
              class="sc-kgTSHT fmvgAY"
            >
              <span
                class="sc-bBABsx kBxwHb"
              >
                <svg
                  data-testid="chevron-icon"
                  fill="none"
                  viewBox="0 0 27 16"
                  width="20"
                  xmlns="http://www.w3.org/2000/svg"
                >
                  <path
                    d="M2 2L13.5 13L25 2"
                    stroke="#013059"
                    stroke-width="3"
                  />
                </svg>
              </span>
              <select
                class="sc-iveFHk eqISZE"
                data-testid="create-transport-transport-kind"
                name="transportType"
              >
                <option
                  class="sc-cwSeag"
                  disabled=""
                  selected=""
                  value=""
                >
                  Rodzaj transportu
                </option>
                <option
                  class="sc-cwSeag"
                  value="TRANSPORT_A"
                >
                  Transport A
                </option>
                <option
                  class="sc-cwSeag"
                  value="TRANSPORT_B"
                >
                  Transport B
                </option>
                <option
                  class="sc-cwSeag"
                  value="TRANSPORT_C"
                >
                  Transport C
                </option>
              </select>
            </div>
          </div>
          <div
            class="sc-ksBlkl gBSrBs"
          >
            <div
              class="sc-hBxehG eptxaL"
            >
              <textarea
                class="sc-fEXmlR kcJGhn"
                data-testid="create-transport-desription"
                id="description"
                name="description"
                placeholder="Opis"
              />
            </div>
          </div>
          <input
            class="sc-pyfCe hqBgck"
            type="submit"
            value="Dodaj"
          />
        </form>
      </div>
    </div>
  </body>,
  "container": <div>
    <div
      class="sc-cjibBx bSlRRw"
    >
      <form
        class="sc-ftTHYK jGKFAf"
      >
        <h2
          class="sc-dkrFOg kaKqDq"
        >
          Dodaj transport
        </h2>
        <div
          class="sc-bjfHbI kTUcsA"
        >
          <div
            class="sc-idXgbr enkruV"
          >
            <input
              class="sc-dIfARi cqofnP"
              data-testid="create-company-name"
              id="companyName"
              name="companyName"
              placeholder="Nazwa firmy transportowej"
            />
          </div>
        </div>
        <div
          class="sc-dmctIk iThEeJ"
        >
          <div
            class="sc-kgTSHT fmvgAY"
          >
            <span
              class="sc-bBABsx kBxwHb"
            >
              <svg
                data-testid="chevron-icon"
                fill="none"
                viewBox="0 0 27 16"
                width="20"
                xmlns="http://www.w3.org/2000/svg"
              >
                <path
                  d="M2 2L13.5 13L25 2"
                  stroke="#013059"
                  stroke-width="3"
                />
              </svg>
            </span>
            <select
              class="sc-iveFHk eqISZE"
              data-testid="create-transport-transport-kind"
              name="transportType"
            >
              <option
                class="sc-cwSeag"
                disabled=""
                selected=""
                value=""
              >
                Rodzaj transportu
              </option>
              <option
                class="sc-cwSeag"
                value="TRANSPORT_A"
              >
                Transport A
              </option>
              <option
                class="sc-cwSeag"
                value="TRANSPORT_B"
              >
                Transport B
              </option>
              <option
                class="sc-cwSeag"
                value="TRANSPORT_C"
              >
                Transport C
              </option>
            </select>
          </div>
        </div>
        <div
          class="sc-ksBlkl gBSrBs"
        >
          <div
            class="sc-hBxehG eptxaL"
          >
            <textarea
              class="sc-fEXmlR kcJGhn"
              data-testid="create-transport-desription"
              id="description"
              name="description"
              placeholder="Opis"
            />
          </div>
        </div>
        <input
          class="sc-pyfCe hqBgck"
          type="submit"
          value="Dodaj"
        />
      </form>
    </div>
  </div>,
  "debug": [Function],
  "findAllByAltText": [Function],
  "findAllByDisplayValue": [Function],
  "findAllByLabelText": [Function],
  "findAllByPlaceholderText": [Function],
  "findAllByRole": [Function],
  "findAllByTestId": [Function],
  "findAllByText": [Function],
  "findAllByTitle": [Function],
  "findByAltText": [Function],
  "findByDisplayValue": [Function],
  "findByLabelText": [Function],
  "findByPlaceholderText": [Function],
  "findByRole": [Function],
  "findByTestId": [Function],
  "findByText": [Function],
  "findByTitle": [Function],
  "getAllByAltText": [Function],
  "getAllByDisplayValue": [Function],
  "getAllByLabelText": [Function],
  "getAllByPlaceholderText": [Function],
  "getAllByRole": [Function],
  "getAllByTestId": [Function],
  "getAllByText": [Function],
  "getAllByTitle": [Function],
  "getByAltText": [Function],
  "getByDisplayValue": [Function],
  "getByLabelText": [Function],
  "getByPlaceholderText": [Function],
  "getByRole": [Function],
  "getByTestId": [Function],
  "getByText": [Function],
  "getByTitle": [Function],
  "queryAllByAltText": [Function],
  "queryAllByDisplayValue": [Function],
  "queryAllByLabelText": [Function],
  "queryAllByPlaceholderText": [Function],
  "queryAllByRole": [Function],
  "queryAllByTestId": [Function],
  "queryAllByText": [Function],
  "queryAllByTitle": [Function],
  "queryByAltText": [Function],
  "queryByDisplayValue": [Function],
  "queryByLabelText": [Function],
  "queryByPlaceholderText": [Function],
  "queryByRole": [Function],
  "queryByTestId": [Function],
  "queryByText": [Function],
  "queryByTitle": [Function],
  "rerender": [Function],
  "unmount": [Function],
}
`;
