// Vitest Snapshot v1

exports[`SideMenu > component snapshot 1`] = `
{
  "asFragment": [Function],
  "baseElement": <body>
    <div />
    <div
      class="sc-dkrFOg hVytYR"
    >
      <div
        class="sc-jrcTuL kapCbJ"
        data-testid="hamburger-menu-side-menu"
      >
        <div
          class="sc-kDvujY bjUeDl"
        >
          <p
            class="sc-pyfCe OkzBx"
          >
            Pelikan Enterprise
          </p>
          <button
            class="sc-jSUZER eNWyGN"
            data-testid="side-menu-close-icon"
          >
            <svg
              data-testid="close-icon"
              fill="none"
              viewBox="0 0 20 20"
              width="15"
              xmlns="http://www.w3.org/2000/svg"
            >
              <path
                d="M20 2.01429L17.9857 0L10 7.98571L2.01429 0L0 2.01429L7.98571 10L0 17.9857L2.01429 20L10 12.0143L17.9857 20L20 17.9857L12.0143 10L20 2.01429Z"
                fill="#013059"
              />
            </svg>
          </button>
        </div>
        <nav
          class="sc-ipEyDJ"
        >
          <ul
            class="sc-csuSiG"
          >
            <li
              class="sc-eDWCr xPKqo"
            >
              <button
                class="sc-hLBbgP grCgBk"
                data-testid="side-menu-item-offer-overview"
              >
                <h2
                  class="sc-eDvSVe jPXdpL"
                >
                  Oferty
                </h2>
              </button>
            </li>
            <li
              class="sc-eDWCr xPKqo"
            >
              <button
                class="sc-hLBbgP grCgBk"
                data-testid="side-menu-item-hotel-overview"
              >
                <h2
                  class="sc-eDvSVe jPXdpL"
                >
                  Hotele
                </h2>
              </button>
            </li>
            <li
              class="sc-eDWCr xPKqo"
            >
              <button
                class="sc-hLBbgP grCgBk"
                data-testid="side-menu-item-transport-overview"
              >
                <h2
                  class="sc-eDvSVe jPXdpL"
                >
                  Transport
                </h2>
              </button>
            </li>
            <li
              class="sc-eDWCr xPKqo"
            >
              <button
                class="sc-hLBbgP grCgBk"
                data-testid="side-menu-item-attraction-overview"
              >
                <h2
                  class="sc-eDvSVe jPXdpL"
                >
                  Atrakcje
                </h2>
              </button>
            </li>
            <li
              class="sc-eDWCr xPKqo"
            >
              <button
                class="sc-hLBbgP grCgBk"
                data-testid="side-menu-item-hashtag-overview"
              >
                <h2
                  class="sc-eDvSVe jPXdpL"
                >
                  Hashtagi
                </h2>
              </button>
            </li>
          </ul>
        </nav>
        <button
          class="sc-hLBbgP dFUGmA"
          data-testid="side-menu-logout-button"
        >
          Wyloguj
        </button>
      </div>
    </div>
  </body>,
  "container": <div />,
  "debug": [Function],
  "findAllByAltText": [Function],
  "findAllByDisplayValue": [Function],
  "findAllByLabelText": [Function],
  "findAllByPlaceholderText": [Function],
  "findAllByRole": [Function],
  "findAllByTestId": [Function],
  "findAllByText": [Function],
  "findAllByTitle": [Function],
  "findByAltText": [Function],
  "findByDisplayValue": [Function],
  "findByLabelText": [Function],
  "findByPlaceholderText": [Function],
  "findByRole": [Function],
  "findByTestId": [Function],
  "findByText": [Function],
  "findByTitle": [Function],
  "getAllByAltText": [Function],
  "getAllByDisplayValue": [Function],
  "getAllByLabelText": [Function],
  "getAllByPlaceholderText": [Function],
  "getAllByRole": [Function],
  "getAllByTestId": [Function],
  "getAllByText": [Function],
  "getAllByTitle": [Function],
  "getByAltText": [Function],
  "getByDisplayValue": [Function],
  "getByLabelText": [Function],
  "getByPlaceholderText": [Function],
  "getByRole": [Function],
  "getByTestId": [Function],
  "getByText": [Function],
  "getByTitle": [Function],
  "queryAllByAltText": [Function],
  "queryAllByDisplayValue": [Function],
  "queryAllByLabelText": [Function],
  "queryAllByPlaceholderText": [Function],
  "queryAllByRole": [Function],
  "queryAllByTestId": [Function],
  "queryAllByText": [Function],
  "queryAllByTitle": [Function],
  "queryByAltText": [Function],
  "queryByDisplayValue": [Function],
  "queryByLabelText": [Function],
  "queryByPlaceholderText": [Function],
  "queryByRole": [Function],
  "queryByTestId": [Function],
  "queryByText": [Function],
  "queryByTitle": [Function],
  "rerender": [Function],
  "unmount": [Function],
}
`;
