// Vitest Snapshot v1

exports[`Select > component snapshot 1`] = `
{
  "asFragment": [Function],
  "baseElement": <body>
    <div>
      <div
        class="sc-pyfCe kbDvBy"
      >
        <span
          class="sc-jrcTuL jAHpjC"
        >
          <svg
            data-testid="chevron-icon"
            fill="none"
            viewBox="0 0 27 16"
            width="20"
            xmlns="http://www.w3.org/2000/svg"
          >
            <path
              d="M25 14L13.5 3L2 14"
              stroke="#013059"
              stroke-width="3"
            />
          </svg>
        </span>
        <input
          class="sc-kDvujY iOfqvw"
          data-testid="molecule-select"
          name="destination"
          placeholder="Default label"
          readonly=""
          value=""
        />
      </div>
    </div>
  </body>,
  "container": <div>
    <div
      class="sc-pyfCe kbDvBy"
    >
      <span
        class="sc-jrcTuL jAHpjC"
      >
        <svg
          data-testid="chevron-icon"
          fill="none"
          viewBox="0 0 27 16"
          width="20"
          xmlns="http://www.w3.org/2000/svg"
        >
          <path
            d="M25 14L13.5 3L2 14"
            stroke="#013059"
            stroke-width="3"
          />
        </svg>
      </span>
      <input
        class="sc-kDvujY iOfqvw"
        data-testid="molecule-select"
        name="destination"
        placeholder="Default label"
        readonly=""
        value=""
      />
    </div>
  </div>,
  "debug": [Function],
  "findAllByAltText": [Function],
  "findAllByDisplayValue": [Function],
  "findAllByLabelText": [Function],
  "findAllByPlaceholderText": [Function],
  "findAllByRole": [Function],
  "findAllByTestId": [Function],
  "findAllByText": [Function],
  "findAllByTitle": [Function],
  "findByAltText": [Function],
  "findByDisplayValue": [Function],
  "findByLabelText": [Function],
  "findByPlaceholderText": [Function],
  "findByRole": [Function],
  "findByTestId": [Function],
  "findByText": [Function],
  "findByTitle": [Function],
  "getAllByAltText": [Function],
  "getAllByDisplayValue": [Function],
  "getAllByLabelText": [Function],
  "getAllByPlaceholderText": [Function],
  "getAllByRole": [Function],
  "getAllByTestId": [Function],
  "getAllByText": [Function],
  "getAllByTitle": [Function],
  "getByAltText": [Function],
  "getByDisplayValue": [Function],
  "getByLabelText": [Function],
  "getByPlaceholderText": [Function],
  "getByRole": [Function],
  "getByTestId": [Function],
  "getByText": [Function],
  "getByTitle": [Function],
  "queryAllByAltText": [Function],
  "queryAllByDisplayValue": [Function],
  "queryAllByLabelText": [Function],
  "queryAllByPlaceholderText": [Function],
  "queryAllByRole": [Function],
  "queryAllByTestId": [Function],
  "queryAllByText": [Function],
  "queryAllByTitle": [Function],
  "queryByAltText": [Function],
  "queryByDisplayValue": [Function],
  "queryByLabelText": [Function],
  "queryByPlaceholderText": [Function],
  "queryByRole": [Function],
  "queryByTestId": [Function],
  "queryByText": [Function],
  "queryByTitle": [Function],
  "rerender": [Function],
  "unmount": [Function],
}
`;
